1. На веб прелистувачот отидов на "GitHub" и направив акаунт, со име DamjanAnev.
2. На линкот ја променив главната гранка да се вика "master".
3. Креирав оддалечен репозиториум на Github со формат SI_2024_lab1_223173 на кочето "new" на
мојот GitHub acc.
4.  mkdir SI_2024_lab1_223173
    cd SI_2024_lab1_223173
    git init
Сега имаме локален репозиториум.

5. git remote add origin https://github.com/DamjanAnev/SI_2024_lab1_223173.git
   git remote -v
origin  https://github.com/DamjanAnev/SI_2024_lab1_223173.git (fetch)
origin  https://github.com/DamjanAnev/SI_2024_lab1_223173.git (push)
Сега сме поврзани со оддалечениот репозиториум.

6.nano README.md
223173@os2:~/SI_2024_lab1_223173$ git add README.md
223173@os2:~/SI_2024_lab1_223173$ git add README.md
223173@os2:~/SI_2024_lab1_223173$ git commit README.md
[master (root-commit) 6eeb8b9] Initial commit.
 Committer: 223173 <223173@os2.finki.ukim.mk>
Your name and email address were configured automatically based
on your username and hostname. Please check that they are accurate.
You can suppress this message by setting them explicitly. Run the
following command and follow the instructions in your editor to edit
your configuration file:

    git config --global --edit

After doing this, you may fix the identity used for this commit with:

    git commit --amend --reset-author

 1 file changed, 3 insertions(+)
 create mode 100644 README.md

Ова ни кажува дека датотеката е додадена.

7.Најпрво ги премстив симнатите фајлови и рачно ги префрлив во локалниот репозиториум "SI_2024_lab1_223173"
после тоа ги направив следниве команди: 
git add "*.java"
git commit -m "Add starter code."

Сега се ставени сите фајлови како комити!

8.  git push origin master
 nano SILab1_1.java
 nano SILab1_2.java
 git status
On branch master
Changes not staged for commit:
  (use "git add <file>..." to update what will be committed)
  (use "git restore <file>..." to discard changes in working directory)
        modified:   SILab1_1.java
        modified:   SILab1_2.java

no changes added to commit (use "git add" and/or "git commit -a")

9.  
git checkout -b bug1
git checkout master
git checkout -b bug2

10.
git checkout bug1

11.
 nano SILab1_1.java
- кога влегов сменив наместо "%2==0" ставив "%2==1".
 git commit -a -m "Fix wrong condition in filterOddLengthStrings."

12.
git checkout bug2

13.
nano SILab1_2.java
- кога влегов сменив наместо "<" ставив ">=".
 git commit -a -m "Fix wrong condition in makeBigStringFrom."

14.
git checkout bug1

15.
nano SILab1Main.java
- Додадов на 16 линија тоа што се бара
 git commit -a -m "Call method filterOddLengthStrings in main class."

16.
git checkout bug2

17.
nano SILab1Main.java
- Додадов на 16 линија тоа што се бара
 git commit -a -m "Call method makeBigStringFrom in main class."

18.
 git push --all origin
Enumerating objects: 16, done.
Counting objects: 100% (16/16), done.
Delta compression using up to 4 threads
Compressing objects: 100% (12/12), done.
Writing objects: 100% (12/12), 1.23 KiB | 1.23 MiB/s, done.
Total 12 (delta 8), reused 0 (delta 0), pack-reused 0 (from 0)
remote: Resolving deltas: 100% (8/8), completed with 4 local objects.
To https://github.com/DamjanAnev/SI_2024_lab1_223173.git
 * [new branch]      bug1 -> bug1
 * [new branch]      bug2 -> bug2

-Со ова ги синхронизирав сите мои гранки и тие што ги немав се создаваат автоматски.

19.
git checkout master

20.
 git merge bug1
Updating a15eb8d..05e98f1
Fast-forward
 SILab1Main.java | 3 ++-
 SILab1_1.java   | 4 ++--
 2 files changed, 4 insertions(+), 3 deletions(-)

-успешно споено!

21.
git push --all origin
Total 0 (delta 0), reused 0 (delta 0), pack-reused 0 (from 0)
To https://github.com/DamjanAnev/SI_2024_lab1_223173.git
   a15eb8d..05e98f1  master -> master

-Успешно push.

22.
 git checkout bug2

23.
СЕ СЛУЧИ КОНФЛИКТ!
 git rebase master
- требаше да прифатам една од двете промени и ја прифатив таа на bug2 промената при едитирање
на фајлот: nano SILab1Main.java
git add SILab1Main.java
 git rebase --continue

24.
git checkout master

25.
 git merge bug2
Updating 05e98f1..d14a148
Fast-forward
 SILab1Main.java | 2 +-
 SILab1_2.java   | 4 ++--
 2 files changed, 3 insertions(+), 3 deletions(-)
-УСПЕШЕН MERGE!

26.
git push --all origin

27.
git push -f origin bug2

28.
nano logs.txt
-ги ставам сите логови во оваа датотека!
-сега треба и оваа датотека(223173.txt) да add i commit!


















   
     